// Vitest Snapshot v1, https://vitest.dev/guide/snapshot.html

exports[`generate > element 1`] = `
"const { toDisplayString:  _toDisplayString, createElementVNode:  _createElementVNode } = Vue
return function render(_ctx, _cache){return _createElementVNode('div', null, 'Hi, ' + _toDisplayString(_ctx.message))}"
`;

exports[`generate > inperpolation 1`] = `
"const { toDisplayString:  _toDisplayString } = Vue
return function render(_ctx, _cache){return _toDisplayString(_ctx.message)}"
`;

exports[`generate > string 1`] = `
"
return function render(_ctx, _cache){return 'hiiii'}"
`;

exports[`generate element 1`] = `
"const { toDisplayString:  _toDisplayString, createElementVNode:  _createElementVNode } = Vue
return function render(_ctx, _cache){return _createElementVNode('div', null, 'Hi, ' + _toDisplayString(_ctx.message))}"
`;

exports[`generate inperpolation 1`] = `
"const { toDisplayString:  _toDisplayString } = Vue
return function render(_ctx, _cache){return _toDisplayString(_ctx.message)}"
`;

exports[`generate string 1`] = `
"
return function render(_ctx, _cache){return 'hiiii'}"
`;
